
> assignmate@0.1.0 dev
> next dev

▲ Next.js 16.2.7 (Turbopack)
- Local:         http://localhost:3001
- Network:       http://192.168.0.124:3001
- Environments: .env.local
✓ Ready in 533ms
Creating turbopack project {
  dir: '/home/saif/Desktop/projects/SubmitAI/Submit-AI/assignmate',
  testMode: true
}

 GET / 200 in 1158ms (next.js: 345ms, application-code: 813ms)
 GET /login 200 in 677ms (next.js: 198ms, application-code: 478ms)
 GET /api/auth/csrf 200 in 2.7s (next.js: 2.6s, application-code: 95ms)
[31m[auth][error][0m MissingCSRF: CSRF token was missing during an action callback. Read more at https://errors.authjs.dev#missingcsrf
    at validateCSRF (/home/saif/Desktop/projects/SubmitAI/Submit-AI/assignmate/.next/dev/server/chunks/node_modules_@auth_core_0gltlle._.js:1228:11)
    at AuthInternal (/home/saif/Desktop/projects/SubmitAI/Submit-AI/assignmate/.next/dev/server/chunks/node_modules_@auth_core_0gltlle._.js:5161:222)
    at async Auth (/home/saif/Desktop/projects/SubmitAI/Submit-AI/assignmate/.next/dev/server/chunks/node_modules_@auth_core_0gltlle._.js:5384:34)
    at async AppRouteRouteModule.do (/home/saif/Desktop/projects/SubmitAI/Submit-AI/assignmate/node_modules/next/dist/compiled/next-server/app-route-turbo.runtime.dev.js:5:40131)
    at async AppRouteRouteModule.handle (/home/saif/Desktop/projects/SubmitAI/Submit-AI/assignmate/node_modules/next/dist/compiled/next-server/app-route-turbo.runtime.dev.js:5:47411)
    at async responseGenerator (/home/saif/Desktop/projects/SubmitAI/Submit-AI/assignmate/.next/dev/server/chunks/node_modules_next_0h1itxj._.js:18380:38)
    at async AppRouteRouteModule.handleResponse (/home/saif/Desktop/projects/SubmitAI/Submit-AI/assignmate/node_modules/next/dist/compiled/next-server/app-route-turbo.runtime.dev.js:1:228552)
    at async handleResponse (/home/saif/Desktop/projects/SubmitAI/Submit-AI/assignmate/.next/dev/server/chunks/node_modules_next_0h1itxj._.js:18443:32)
    at async Module.handler (/home/saif/Desktop/projects/SubmitAI/Submit-AI/assignmate/.next/dev/server/chunks/node_modules_next_0h1itxj._.js:18497:13)
    at async DevServer.renderToResponseWithComponentsImpl (/home/saif/Desktop/projects/SubmitAI/Submit-AI/assignmate/node_modules/next/dist/server/base-server.js:1462:9)
    at async DevServer.renderPageComponent (/home/saif/Desktop/projects/SubmitAI/Submit-AI/assignmate/node_modules/next/dist/server/base-server.js:1514:24)
    at async DevServer.renderToResponseImpl (/home/saif/Desktop/projects/SubmitAI/Submit-AI/assignmate/node_modules/next/dist/server/base-server.js:1564:32)
    at async DevServer.pipeImpl (/home/saif/Desktop/projects/SubmitAI/Submit-AI/assignmate/node_modules/next/dist/server/base-server.js:1044:25)
    at async NextNodeServer.handleCatchallRenderRequest (/home/saif/Desktop/projects/SubmitAI/Submit-AI/assignmate/node_modules/next/dist/server/next-server.js:338:17)
    at async DevServer.handleRequestImpl (/home/saif/Desktop/projects/SubmitAI/Submit-AI/assignmate/node_modules/next/dist/server/base-server.js:935:17)
    at async /home/saif/Desktop/projects/SubmitAI/Submit-AI/assignmate/node_modules/next/dist/server/dev/next-dev-server.js:394:20
    at async Span.traceAsyncFn (/home/saif/Desktop/projects/SubmitAI/Submit-AI/assignmate/node_modules/next/dist/trace/trace.js:164:20)
    at async DevServer.handleRequest (/home/saif/Desktop/projects/SubmitAI/Submit-AI/assignmate/node_modules/next/dist/server/dev/next-dev-server.js:390:24)
    at async invokeRender (/home/saif/Desktop/projects/SubmitAI/Submit-AI/assignmate/node_modules/next/dist/server/lib/router-server.js:266:21)
    at async handleRequest (/home/saif/Desktop/projects/SubmitAI/Submit-AI/assignmate/node_modules/next/dist/server/lib/router-server.js:465:24)
    at async requestHandlerImpl (/home/saif/Desktop/projects/SubmitAI/Submit-AI/assignmate/node_modules/next/dist/server/lib/router-server.js:514:13)
    at async Server.requestListener (/home/saif/Desktop/projects/SubmitAI/Submit-AI/assignmate/node_modules/next/dist/server/lib/start-server.js:225:13)
 POST /api/auth/callback/credentials 302 in 182ms (next.js: 103ms, application-code: 79ms)
 GET /login 200 in 1335ms (next.js: 259ms, application-code: 1076ms)
✓ Finished writing to filesystem cache in 26.6s
[31m[auth][error][0m MissingCSRF: CSRF token was missing during an action callback. Read more at https://errors.authjs.dev#missingcsrf
    at validateCSRF (/home/saif/Desktop/projects/SubmitAI/Submit-AI/assignmate/.next/dev/server/chunks/node_modules_@auth_core_0gltlle._.js:1228:11)
    at AuthInternal (/home/saif/Desktop/projects/SubmitAI/Submit-AI/assignmate/.next/dev/server/chunks/node_modules_@auth_core_0gltlle._.js:5161:222)
    at async Auth (/home/saif/Desktop/projects/SubmitAI/Submit-AI/assignmate/.next/dev/server/chunks/node_modules_@auth_core_0gltlle._.js:5384:34)
    at async AppRouteRouteModule.do (/home/saif/Desktop/projects/SubmitAI/Submit-AI/assignmate/node_modules/next/dist/compiled/next-server/app-route-turbo.runtime.dev.js:5:40131)
    at async AppRouteRouteModule.handle (/home/saif/Desktop/projects/SubmitAI/Submit-AI/assignmate/node_modules/next/dist/compiled/next-server/app-route-turbo.runtime.dev.js:5:47411)
    at async responseGenerator (/home/saif/Desktop/projects/SubmitAI/Submit-AI/assignmate/.next/dev/server/chunks/node_modules_next_0h1itxj._.js:18380:38)
    at async AppRouteRouteModule.handleResponse (/home/saif/Desktop/projects/SubmitAI/Submit-AI/assignmate/node_modules/next/dist/compiled/next-server/app-route-turbo.runtime.dev.js:1:228552)
    at async handleResponse (/home/saif/Desktop/projects/SubmitAI/Submit-AI/assignmate/.next/dev/server/chunks/node_modules_next_0h1itxj._.js:18443:32)
    at async Module.handler (/home/saif/Desktop/projects/SubmitAI/Submit-AI/assignmate/.next/dev/server/chunks/node_modules_next_0h1itxj._.js:18497:13)
    at async DevServer.renderToResponseWithComponentsImpl (/home/saif/Desktop/projects/SubmitAI/Submit-AI/assignmate/node_modules/next/dist/server/base-server.js:1462:9)
    at async DevServer.renderPageComponent (/home/saif/Desktop/projects/SubmitAI/Submit-AI/assignmate/node_modules/next/dist/server/base-server.js:1514:24)
    at async DevServer.renderToResponseImpl (/home/saif/Desktop/projects/SubmitAI/Submit-AI/assignmate/node_modules/next/dist/server/base-server.js:1564:32)
    at async DevServer.pipeImpl (/home/saif/Desktop/projects/SubmitAI/Submit-AI/assignmate/node_modules/next/dist/server/base-server.js:1044:25)
    at async NextNodeServer.handleCatchallRenderRequest (/home/saif/Desktop/projects/SubmitAI/Submit-AI/assignmate/node_modules/next/dist/server/next-server.js:338:17)
    at async DevServer.handleRequestImpl (/home/saif/Desktop/projects/SubmitAI/Submit-AI/assignmate/node_modules/next/dist/server/base-server.js:935:17)
    at async /home/saif/Desktop/projects/SubmitAI/Submit-AI/assignmate/node_modules/next/dist/server/dev/next-dev-server.js:394:20
    at async Span.traceAsyncFn (/home/saif/Desktop/projects/SubmitAI/Submit-AI/assignmate/node_modules/next/dist/trace/trace.js:164:20)
    at async DevServer.handleRequest (/home/saif/Desktop/projects/SubmitAI/Submit-AI/assignmate/node_modules/next/dist/server/dev/next-dev-server.js:390:24)
    at async invokeRender (/home/saif/Desktop/projects/SubmitAI/Submit-AI/assignmate/node_modules/next/dist/server/lib/router-server.js:266:21)
    at async handleRequest (/home/saif/Desktop/projects/SubmitAI/Submit-AI/assignmate/node_modules/next/dist/server/lib/router-server.js:465:24)
    at async requestHandlerImpl (/home/saif/Desktop/projects/SubmitAI/Submit-AI/assignmate/node_modules/next/dist/server/lib/router-server.js:514:13)
    at async Server.requestListener (/home/saif/Desktop/projects/SubmitAI/Submit-AI/assignmate/node_modules/next/dist/server/lib/start-server.js:225:13)
 POST /api/auth/callback/credentials 302 in 636ms (next.js: 355ms, application-code: 281ms)
 GET /api/auth/csrf 200 in 566ms (next.js: 301ms, application-code: 266ms)
